// Jest Snapshot v1, https://goo.gl/fbAQLP

exports[`renders correctly 1`] = `
<nav
  className="navigation"
>
  <h1>
    Math Magicians
  </h1>
  <ul>
    <li>
      <a
        exact={true}
        href="/Math-Magicians/"
        onClick={[Function]}
      >
        Home
      </a>
    </li>
    <li>
      <a
        exact={true}
        href="/Math-Magicians/Calculator"
        onClick={[Function]}
      >
        Calculator
      </a>
    </li>
    <li>
      <a
        exact={true}
        href="/Math-Magicians/Quote"
        onClick={[Function]}
      >
        Quote
      </a>
    </li>
  </ul>
</nav>
`;
