// Jest Snapshot v1, https://goo.gl/fbAQLP

exports[`renders correctly 1`] = `
<div
  className="page"
>
  <h2>
    As William Thurston said, “mathematics is not about numbers, equations, computations or algorithms; it's about understanding.”
  </h2>
</div>
`;
